Error Log

